[security-cas-spring-boot-starter/2.3.x] 失败 - 分支切换失败
[security-cas-spring-boot-starter/2.7.x] 失败 - 分支切换失败
[[1;34mINFO[m] Scanning for projects...
[[1;34mINFO[m] 
[[1;34mINFO[m] [1m---------< [0;36mio.github.hiwepy:security-cas-spring-boot-starter[0;1m >---------[m
[[1;34mINFO[m] [1mBuilding io.github.hiwepy:security-cas-spring-boot-starter 4.0.x.20251227-SNAPSHOT[m
[[1;34mINFO[m] [1m--------------------------------[ jar ]---------------------------------[m
Downloading from aiban-tianyin-core: https://aiban-maven.pkg.coding.net/repository/tianyin/core/com/github/hiwepy/security-biz-spring-boot-starter/3.3.x.20250712-SNAPSHOT/maven-metadata.xml
Progress (1): 1.0 kB
                    
Downloaded from aiban-tianyin-core: https://aiban-maven.pkg.coding.net/repository/tianyin/core/com/github/hiwepy/security-biz-spring-boot-starter/3.3.x.20250712-SNAPSHOT/maven-metadata.xml (1.0 kB at 2.1 kB/s)
Downloading from aiban-tianyin-core: https://aiban-maven.pkg.coding.net/repository/tianyin/core/cn/hutool/hutool-core/5.8.37/hutool-core-5.8.37.pom
Downloaded from aiban-tianyin-core: https://aiban-maven.pkg.coding.net/repository/tianyin/core/cn/hutool/hutool-core/5.8.37/hutool-core-5.8.37.pom (0 B at 0 B/s)
Downloading from aiban-tianyin-core: https://aiban-maven.pkg.coding.net/repository/tianyin/core/cn/hutool/hutool-parent/5.8.37/hutool-parent-5.8.37.pom
Downloaded from aiban-tianyin-core: https://aiban-maven.pkg.coding.net/repository/tianyin/core/cn/hutool/hutool-parent/5.8.37/hutool-parent-5.8.37.pom (0 B at 0 B/s)
Downloading from aiban-tianyin-core: https://aiban-maven.pkg.coding.net/repository/tianyin/core/org/springframework/security/spring-security-cas/7.0.2/spring-security-cas-7.0.2.pom
Progress (1): 2.6 kB
Progress (1): 3.2 kB
                    
Downloaded from aiban-tianyin-core: https://aiban-maven.pkg.coding.net/repository/tianyin/core/org/springframework/security/spring-security-cas/7.0.2/spring-security-cas-7.0.2.pom (3.2 kB at 4.5 kB/s)
Downloading from aiban-tianyin-core: https://aiban-maven.pkg.coding.net/repository/tianyin/core/org/apereo/cas/client/cas-client-core/4.0.4/cas-client-core-4.0.4.pom
Progress (1): 3.5 kB
                    
Downloaded from aiban-tianyin-core: https://aiban-maven.pkg.coding.net/repository/tianyin/core/org/apereo/cas/client/cas-client-core/4.0.4/cas-client-core-4.0.4.pom (3.5 kB at 8.1 kB/s)
Downloading from aiban-tianyin-core: https://aiban-maven.pkg.coding.net/repository/tianyin/core/org/apereo/cas/client/cas-client/4.0.4/cas-client-4.0.4.pom
Progress (1): 2.6 kB
Progress (1): 5.4 kB
Progress (1): 9.5 kB
Progress (1): 11 kB 
                   
Downloaded from aiban-tianyin-core: https://aiban-maven.pkg.coding.net/repository/tianyin/core/org/apereo/cas/client/cas-client/4.0.4/cas-client-4.0.4.pom (11 kB at 28 kB/s)
Downloading from aiban-tianyin-core: https://aiban-maven.pkg.coding.net/repository/tianyin/core/com/nimbusds/nimbus-jose-jwt/9.37.3/nimbus-jose-jwt-9.37.3.pom
Downloaded from aiban-tianyin-core: https://aiban-maven.pkg.coding.net/repository/tianyin/core/com/nimbusds/nimbus-jose-jwt/9.37.3/nimbus-jose-jwt-9.37.3.pom (0 B at 0 B/s)
Downloading from aiban-tianyin-core: https://aiban-maven.pkg.coding.net/repository/tianyin/core/org/apereo/cas/client/cas-client-support-saml/4.0.4/cas-client-support-saml-4.0.4.pom
Progress (1): 2.3 kB
                    
Downloaded from aiban-tianyin-core: https://aiban-maven.pkg.coding.net/repository/tianyin/core/org/apereo/cas/client/cas-client-support-saml/4.0.4/cas-client-support-saml-4.0.4.pom (2.3 kB at 5.4 kB/s)
Downloading from aiban-tianyin-core: https://aiban-maven.pkg.coding.net/repository/tianyin/core/org/apereo/cas/client/cas-client-support-distributed-memcached/4.0.4/cas-client-support-distributed-memcached-4.0.4.pom
Progress (1): 2.0 kB
                    
Downloaded from aiban-tianyin-core: https://aiban-maven.pkg.coding.net/repository/tianyin/core/org/apereo/cas/client/cas-client-support-distributed-memcached/4.0.4/cas-client-support-distributed-memcached-4.0.4.pom (2.0 kB at 2.4 kB/s)
Downloading from aiban-tianyin-core: https://aiban-maven.pkg.coding.net/repository/tianyin/core/net/spy/spymemcached/2.12.3/spymemcached-2.12.3.pom
Progress (1): 1.9 kB
                    
Downloaded from aiban-tianyin-core: https://aiban-maven.pkg.coding.net/repository/tianyin/core/net/spy/spymemcached/2.12.3/spymemcached-2.12.3.pom (1.9 kB at 5.4 kB/s)
Downloading from aiban-tianyin-core: https://aiban-maven.pkg.coding.net/repository/tianyin/core/org/apereo/cas/client/cas-client-support-distributed-ehcache/4.0.4/cas-client-support-distributed-ehcache-4.0.4.pom
Progress (1): 2.6 kB
                    
Downloaded from aiban-tianyin-core: https://aiban-maven.pkg.coding.net/repository/tianyin/core/org/apereo/cas/client/cas-client-support-distributed-ehcache/4.0.4/cas-client-support-distributed-ehcache-4.0.4.pom (2.6 kB at 3.8 kB/s)
Downloading from aiban-tianyin-core: https://aiban-maven.pkg.coding.net/repository/tianyin/core/org/bouncycastle/bcpkix-jdk18on/1.81/bcpkix-jdk18on-1.81.pom
Downloaded from aiban-tianyin-core: https://aiban-maven.pkg.coding.net/repository/tianyin/core/org/bouncycastle/bcpkix-jdk18on/1.81/bcpkix-jdk18on-1.81.pom (0 B at 0 B/s)
Downloading from snapshots: https://maven.aliyun.com/nexus/content/groups/public/org/bouncycastle/bcutil-jdk18on/maven-metadata.xml
Downloading from maven-releases: https://packages.aliyun.com/5fdc0afd99b59ba3c5ead757/maven/maven-releases/org/bouncycastle/bcutil-jdk18on/maven-metadata.xml
Downloading from aiban-tianyin-core: https://aiban-maven.pkg.coding.net/repository/tianyin/core/org/bouncycastle/bcutil-jdk18on/maven-metadata.xml
Downloading from mirror: https://maven.aliyun.com/nexus/content/groups/public/org/bouncycastle/bcutil-jdk18on/maven-metadata.xml
Progress (1): 759 B
Progress (2): 759 B | 759 B
                           
Downloading from maven-snapshots: https://packages.aliyun.com/5fdc0afd99b59ba3c5ead757/maven/maven-snapshots/org/bouncycastle/bcutil-jdk18on/maven-metadata.xml
[[1;33mWARNING[m] Could not validate integrity of download from https://maven.aliyun.com/nexus/content/groups/public/org/bouncycastle/bcutil-jdk18on/maven-metadata.xml: Checksum validation failed, no checksums available
[WARNING] Checksum validation failed, no checksums available from snapshots for https://maven.aliyun.com/nexus/content/groups/public/org/bouncycastle/bcutil-jdk18on/maven-metadata.xml
Downloaded from snapshots: https://maven.aliyun.com/nexus/content/groups/public/org/bouncycastle/bcutil-jdk18on/maven-metadata.xml (759 B at 1.8 kB/s)
[[1;33mWARNING[m] Could not validate integrity of download from https://maven.aliyun.com/nexus/content/groups/public/org/bouncycastle/bcutil-jdk18on/maven-metadata.xml: Checksum validation failed, no checksums available
[WARNING] Checksum validation failed, no checksums available from mirror for https://maven.aliyun.com/nexus/content/groups/public/org/bouncycastle/bcutil-jdk18on/maven-metadata.xml
Downloaded from mirror: https://maven.aliyun.com/nexus/content/groups/public/org/bouncycastle/bcutil-jdk18on/maven-metadata.xml (759 B at 1.7 kB/s)
Progress (1): 779 B
                   
Downloaded from aiban-tianyin-core: https://aiban-maven.pkg.coding.net/repository/tianyin/core/org/bouncycastle/bcutil-jdk18on/maven-metadata.xml (779 B at 550 B/s)
Downloading from aiban-tianyin-core: https://aiban-maven.pkg.coding.net/repository/tianyin/core/org/bouncycastle/bcutil-jdk18on/1.81/bcutil-jdk18on-1.81.pom
Downloaded from aiban-tianyin-core: https://aiban-maven.pkg.coding.net/repository/tianyin/core/org/bouncycastle/bcutil-jdk18on/1.81/bcutil-jdk18on-1.81.pom (0 B at 0 B/s)
Downloading from aiban-tianyin-core: https://aiban-maven.pkg.coding.net/repository/tianyin/core/org/bouncycastle/bcprov-jdk18on/maven-metadata.xml
Downloading from mirror: https://maven.aliyun.com/nexus/content/groups/public/org/bouncycastle/bcprov-jdk18on/maven-metadata.xml
Downloading from maven-releases: https://packages.aliyun.com/5fdc0afd99b59ba3c5ead757/maven/maven-releases/org/bouncycastle/bcprov-jdk18on/maven-metadata.xml
Downloading from snapshots: https://maven.aliyun.com/nexus/content/groups/public/org/bouncycastle/bcprov-jdk18on/maven-metadata.xml
Progress (1): 759 B
Progress (2): 759 B | 759 B
                           
Downloading from maven-snapshots: https://packages.aliyun.com/5fdc0afd99b59ba3c5ead757/maven/maven-snapshots/org/bouncycastle/bcprov-jdk18on/maven-metadata.xml
[[1;33mWARNING[m] Could not validate integrity of download from https://maven.aliyun.com/nexus/content/groups/public/org/bouncycastle/bcprov-jdk18on/maven-metadata.xml: Checksum validation failed, no checksums available
[[1;33mWARNING[m] Could not validate integrity of download from https://maven.aliyun.com/nexus/content/groups/public/org/bouncycastle/bcprov-jdk18on/maven-metadata.xml: Checksum validation failed, no checksums available
[WARNING] Checksum validation failed, no checksums available from snapshots for https://maven.aliyun.com/nexus/content/groups/public/org/bouncycastle/bcprov-jdk18on/maven-metadata.xml
[WARNING] Checksum validation failed, no checksums available from mirror for https://maven.aliyun.com/nexus/content/groups/public/org/bouncycastle/bcprov-jdk18on/maven-metadata.xml
Downloaded from snapshots: https://maven.aliyun.com/nexus/content/groups/public/org/bouncycastle/bcprov-jdk18on/maven-metadata.xml (759 B at 2.4 kB/s)
Downloaded from mirror: https://maven.aliyun.com/nexus/content/groups/public/org/bouncycastle/bcprov-jdk18on/maven-metadata.xml (759 B at 2.4 kB/s)
Progress (1): 779 B
                   
Downloaded from aiban-tianyin-core: https://aiban-maven.pkg.coding.net/repository/tianyin/core/org/bouncycastle/bcprov-jdk18on/maven-metadata.xml (779 B at 902 B/s)
Downloading from aiban-tianyin-core: https://aiban-maven.pkg.coding.net/repository/tianyin/core/com/googlecode/xmemcached/xmemcached/2.4.8/xmemcached-2.4.8.jar
Downloading from aiban-tianyin-core: https://aiban-maven.pkg.coding.net/repository/tianyin/core/com/nimbusds/nimbus-jose-jwt/9.37.3/nimbus-jose-jwt-9.37.3.jar
Downloading from aiban-tianyin-core: https://aiban-maven.pkg.coding.net/repository/tianyin/core/org/apereo/cas/client/cas-client-core/4.0.4/cas-client-core-4.0.4.jar
Downloading from aiban-tianyin-core: https://aiban-maven.pkg.coding.net/repository/tianyin/core/org/springframework/security/spring-security-cas/7.0.2/spring-security-cas-7.0.2.jar
Downloading from aiban-tianyin-core: https://aiban-maven.pkg.coding.net/repository/tianyin/core/cn/hutool/hutool-core/5.8.37/hutool-core-5.8.37.jar
Downloaded from aiban-tianyin-core: https://aiban-maven.pkg.coding.net/repository/tianyin/core/com/nimbusds/nimbus-jose-jwt/9.37.3/nimbus-jose-jwt-9.37.3.jar (0 B at 0 B/s)
Downloading from aiban-tianyin-core: https://aiban-maven.pkg.coding.net/repository/tianyin/core/org/apereo/cas/client/cas-client-support-saml/4.0.4/cas-client-support-saml-4.0.4.jar
Downloaded from aiban-tianyin-core: https://aiban-maven.pkg.coding.net/repository/tianyin/core/cn/hutool/hutool-core/5.8.37/hutool-core-5.8.37.jar (0 B at 0 B/s)
Downloading from aiban-tianyin-core: https://aiban-maven.pkg.coding.net/repository/tianyin/core/org/apereo/cas/client/cas-client-support-distributed-memcached/4.0.4/cas-client-support-distributed-memcached-4.0.4.jar
Downloaded from aiban-tianyin-core: https://aiban-maven.pkg.coding.net/repository/tianyin/core/com/googlecode/xmemcached/xmemcached/2.4.8/xmemcached-2.4.8.jar (0 B at 0 B/s)
Downloading from aiban-tianyin-core: https://aiban-maven.pkg.coding.net/repository/tianyin/core/net/spy/spymemcached/2.12.3/spymemcached-2.12.3.jar
Progress (1): 3.9 kB
Progress (1): 6.7 kB
Progress (1): 11 kB 
Progress (1): 11 kB
Progress (2): 11 kB | 4.0 kB
Progress (2): 11 kB | 8.1 kB
Progress (2): 11 kB | 12 kB 
Progress (2): 11 kB | 15 kB
Progress (2): 11 kB | 19 kB
Progress (2): 11 kB | 23 kB
Progress (2): 11 kB | 26 kB
Progress (2): 11 kB | 30 kB
Progress (2): 11 kB | 34 kB
Progress (2): 11 kB | 39 kB
Progress (2): 11 kB | 43 kB
Progress (2): 11 kB | 47 kB
Progress (2): 11 kB | 51 kB
Progress (2): 11 kB | 51 kB
Progress (3): 11 kB | 51 kB | 4.1 kB
Progress (3): 11 kB | 51 kB | 8.2 kB
Progress (3): 11 kB | 51 kB | 11 kB 
Progress (3): 11 kB | 51 kB | 14 kB
Progress (3): 11 kB | 51 kB | 17 kB
Progress (3): 11 kB | 51 kB | 21 kB
Progress (3): 11 kB | 51 kB | 25 kB
Progress (3): 11 kB | 51 kB | 29 kB
Progress (3): 11 kB | 51 kB | 33 kB
Progress (3): 11 kB | 51 kB | 37 kB
Progress (3): 11 kB | 51 kB | 39 kB
Progress (3): 11 kB | 51 kB | 42 kB
Progress (3): 11 kB | 51 kB | 46 kB
Progress (3): 11 kB | 51 kB | 50 kB
Progress (3): 11 kB | 51 kB | 54 kB
Progress (3): 11 kB | 51 kB | 58 kB
Progress (3): 11 kB | 51 kB | 62 kB
Progress (3): 11 kB | 51 kB | 66 kB
Progress (3): 11 kB | 51 kB | 70 kB
Progress (3): 11 kB | 51 kB | 74 kB
Progress (3): 11 kB | 51 kB | 79 kB
Progress (3): 11 kB | 51 kB | 83 kB
Progress (3): 11 kB | 51 kB | 87 kB
Progress (3): 11 kB | 51 kB | 91 kB
Progress (3): 11 kB | 51 kB | 95 kB
Progress (3): 11 kB | 51 kB | 99 kB
Progress (3): 11 kB | 51 kB | 103 kB
Progress (3): 11 kB | 51 kB | 107 kB
Progress (3): 11 kB | 51 kB | 111 kB
Progress (3): 11 kB | 51 kB | 115 kB
Progress (3): 11 kB | 51 kB | 120 kB
Progress (3): 11 kB | 51 kB | 124 kB
Progress (3): 11 kB | 51 kB | 128 kB
Progress (3): 11 kB | 51 kB | 132 kB
Progress (3): 11 kB | 51 kB | 136 kB
Progress (3): 11 kB | 51 kB | 140 kB
Progress (3): 11 kB | 51 kB | 144 kB
Progress (3): 11 kB | 51 kB | 148 kB
Progress (3): 11 kB | 51 kB | 152 kB
Progress (3): 11 kB | 51 kB | 156 kB
Progress (3): 11 kB | 51 kB | 160 kB
Progress (3): 11 kB | 51 kB | 165 kB
                                    
Downloaded from aiban-tianyin-core: https://aiban-maven.pkg.coding.net/repository/tianyin/core/org/apereo/cas/client/cas-client-support-saml/4.0.4/cas-client-support-saml-4.0.4.jar (11 kB at 17 kB/s)
Downloading from aiban-tianyin-core: https://aiban-maven.pkg.coding.net/repository/tianyin/core/org/apereo/cas/client/cas-client-support-distributed-ehcache/4.0.4/cas-client-support-distributed-ehcache-4.0.4.jar
Progress (3): 51 kB | 165 kB | 4.1 kB
                                     
Downloaded from aiban-tianyin-core: https://aiban-maven.pkg.coding.net/repository/tianyin/core/org/apereo/cas/client/cas-client-core/4.0.4/cas-client-core-4.0.4.jar (165 kB at 204 kB/s)
Progress (2): 51 kB | 4.8 kB
                            
Downloading from aiban-tianyin-core: https://aiban-maven.pkg.coding.net/repository/tianyin/core/org/bouncycastle/bcpkix-jdk18on/1.81/bcpkix-jdk18on-1.81.jar
Downloaded from aiban-tianyin-core: https://aiban-maven.pkg.coding.net/repository/tianyin/core/org/springframework/security/spring-security-cas/7.0.2/spring-security-cas-7.0.2.jar (51 kB at 59 kB/s)
Downloading from aiban-tianyin-core: https://aiban-maven.pkg.coding.net/repository/tianyin/core/org/bouncycastle/bcutil-jdk18on/1.81/bcutil-jdk18on-1.81.jar
Progress (2): 4.8 kB | 4.0 kB
Progress (2): 4.8 kB | 8.1 kB
Progress (2): 4.8 kB | 11 kB 
Progress (2): 4.8 kB | 14 kB
                            
Downloaded from aiban-tianyin-core: https://aiban-maven.pkg.coding.net/repository/tianyin/core/org/bouncycastle/bcpkix-jdk18on/1.81/bcpkix-jdk18on-1.81.jar (0 B at 0 B/s)
Downloading from aiban-tianyin-core: https://aiban-maven.pkg.coding.net/repository/tianyin/core/org/bouncycastle/bcprov-jdk18on/1.81/bcprov-jdk18on-1.81.jar
Progress (2): 4.8 kB | 18 kB
Progress (2): 4.8 kB | 22 kB
Progress (2): 4.8 kB | 25 kB
Progress (2): 4.8 kB | 28 kB
Progress (2): 4.8 kB | 32 kB
Progress (2): 4.8 kB | 36 kB
Progress (2): 4.8 kB | 39 kB
Progress (2): 4.8 kB | 43 kB
Progress (2): 4.8 kB | 47 kB
Progress (2): 4.8 kB | 51 kB
Progress (2): 4.8 kB | 55 kB
Progress (2): 4.8 kB | 59 kB
Progress (2): 4.8 kB | 63 kB
Progress (2): 4.8 kB | 68 kB
Progress (2): 4.8 kB | 71 kB
Progress (2): 4.8 kB | 75 kB
Progress (2): 4.8 kB | 79 kB
Progress (2): 4.8 kB | 83 kB
Progress (2): 4.8 kB | 87 kB
Progress (2): 4.8 kB | 92 kB
Progress (2): 4.8 kB | 96 kB
Progress (2): 4.8 kB | 100 kB
Progress (2): 4.8 kB | 104 kB
Progress (2): 4.8 kB | 108 kB
Progress (2): 4.8 kB | 112 kB
Progress (2): 4.8 kB | 116 kB
Progress (2): 4.8 kB | 120 kB
Progress (2): 4.8 kB | 124 kB
Progress (2): 4.8 kB | 128 kB
Progress (2): 4.8 kB | 132 kB
Progress (2): 4.8 kB | 137 kB
Progress (2): 4.8 kB | 141 kB
Progress (2): 4.8 kB | 145 kB
Progress (2): 4.8 kB | 149 kB
Progress (2): 4.8 kB | 153 kB
Progress (2): 4.8 kB | 157 kB
Progress (2): 4.8 kB | 161 kB
Progress (2): 4.8 kB | 165 kB
Progress (2): 4.8 kB | 169 kB
Progress (2): 4.8 kB | 173 kB
                             
Downloaded from aiban-tianyin-core: https://aiban-maven.pkg.coding.net/repository/tianyin/core/org/apereo/cas/client/cas-client-support-distributed-memcached/4.0.4/cas-client-support-distributed-memcached-4.0.4.jar (4.8 kB at 4.6 kB/s)
Progress (1): 178 kB
Progress (1): 182 kB
Progress (1): 186 kB
Progress (1): 190 kB
Progress (1): 194 kB
Progress (1): 198 kB
Progress (1): 202 kB
Progress (1): 206 kB
Progress (1): 210 kB
Progress (1): 214 kB
Progress (1): 219 kB
Progress (1): 223 kB
Progress (1): 227 kB
Progress (1): 231 kB
Progress (1): 235 kB
Progress (1): 239 kB
Progress (1): 243 kB
Progress (1): 247 kB
Progress (1): 251 kB
Progress (1): 255 kB
Progress (1): 259 kB
Progress (1): 264 kB
Progress (1): 268 kB
Progress (1): 272 kB
Progress (1): 276 kB
Progress (1): 280 kB
Progress (1): 284 kB
Progress (1): 288 kB
Progress (1): 292 kB
Progress (1): 296 kB
Progress (1): 300 kB
Progress (1): 305 kB
Progress (1): 309 kB
Progress (1): 313 kB
Progress (1): 317 kB
Progress (1): 321 kB
Progress (1): 325 kB
Progress (1): 329 kB
Progress (1): 333 kB
Progress (1): 337 kB
Progress (1): 341 kB
Progress (1): 345 kB
Progress (1): 350 kB
Progress (1): 354 kB
Progress (1): 358 kB
Progress (1): 362 kB
Progress (1): 366 kB
Progress (1): 370 kB
Progress (1): 374 kB
Progress (1): 378 kB
Progress (1): 382 kB
Progress (1): 386 kB
Progress (1): 391 kB
Progress (1): 395 kB
Progress (1): 399 kB
Progress (1): 403 kB
Progress (1): 407 kB
Progress (1): 411 kB
Progress (1): 415 kB
Progress (1): 419 kB
Progress (1): 423 kB
Progress (1): 427 kB
Progress (1): 432 kB
Progress (1): 436 kB
Progress (1): 440 kB
                    
Downloaded from aiban-tianyin-core: https://aiban-maven.pkg.coding.net/repository/tianyin/core/org/bouncycastle/bcutil-jdk18on/1.81/bcutil-jdk18on-1.81.jar (0 B at 0 B/s)
Progress (1): 444 kB
Progress (1): 448 kB
Progress (1): 452 kB
Progress (1): 456 kB
Progress (1): 460 kB
Progress (1): 464 kB
Progress (1): 468 kB
Progress (1): 472 kB
Progress (1): 474 kB
                    
Downloaded from aiban-tianyin-core: https://aiban-maven.pkg.coding.net/repository/tianyin/core/net/spy/spymemcached/2.12.3/spymemcached-2.12.3.jar (474 kB at 389 kB/s)
Progress (1): 4.1 kB
Progress (1): 4.3 kB
                    
Downloaded from aiban-tianyin-core: https://aiban-maven.pkg.coding.net/repository/tianyin/core/org/apereo/cas/client/cas-client-support-distributed-ehcache/4.0.4/cas-client-support-distributed-ehcache-4.0.4.jar (4.3 kB at 2.6 kB/s)
Downloaded from aiban-tianyin-core: https://aiban-maven.pkg.coding.net/repository/tianyin/core/org/bouncycastle/bcprov-jdk18on/1.81/bcprov-jdk18on-1.81.jar (0 B at 0 B/s)
[[1;34mINFO[m] 
[[1;34mINFO[m] [1m--- [0;32mmaven-clean-plugin:3.4.0:clean[m [1m(default-clean)[m @ [36msecurity-cas-spring-boot-starter[0;1m ---[m
[[1;34mINFO[m] Deleting /Users/wandl/workspaces/workspace-ddd4j/workspace-ddd4j-boot-starters/security-cas-spring-boot-starter/target
[[1;34mINFO[m] 
[[1;34mINFO[m] [1m--- [0;32mmaven-enforcer-plugin:3.5.0:enforce[m [1m(default-cli)[m @ [36msecurity-cas-spring-boot-starter[0;1m ---[m
[[1;34mINFO[m] Rule 1: org.apache.maven.enforcer.rules.version.RequireJavaVersion passed
[[1;34mINFO[m] [1m------------------------------------------------------------------------[m
[[1;34mINFO[m] [1;31mBUILD FAILURE[m
[[1;34mINFO[m] [1m------------------------------------------------------------------------[m
[[1;34mINFO[m] Total time:  9.821 s
[[1;34mINFO[m] Finished at: 2026-03-16T14:12:12+08:00
[[1;34mINFO[m] [1m------------------------------------------------------------------------[m
[[1;31mERROR[m] Failed to execute goal [32morg.apache.maven.plugins:maven-enforcer-plugin:3.5.0:enforce[m [1m(default-cli)[m on project [36msecurity-cas-spring-boot-starter[m: [1;31m[m
[[1;31mERROR[m] [1;31mRule 0: org.apache.maven.enforcer.rules.version.RequireMavenVersion failed with message:[m
[[1;31mERROR[m] [1;31mYou are running an older version of Maven. This application requires at least Maven 3.9.9.[m
[[1;31mERROR[m] -> [1m[Help 1][m
[[1;31mERROR[m] 
[[1;31mERROR[m] To see the full stack trace of the errors, re-run Maven with the [1m-e[m switch.
[[1;31mERROR[m] Re-run Maven using the [1m-X[m switch to enable full debug logging.
[[1;31mERROR[m] 
[[1;31mERROR[m] For more information about the errors and possible solutions, please read the following articles:
[[1;31mERROR[m] [1m[Help 1][m http://cwiki.apache.org/confluence/display/MAVEN/MojoExecutionException
[security-cas-spring-boot-starter/3.0.x] 失败 - 查看日志
[[1;34mINFO[m] Scanning for projects...
[[1;34mINFO[m] 
[[1;34mINFO[m] [1m---------< [0;36mio.github.hiwepy:security-cas-spring-boot-starter[0;1m >---------[m
[[1;34mINFO[m] [1mBuilding io.github.hiwepy:security-cas-spring-boot-starter 4.0.x.20251227-SNAPSHOT[m
[[1;34mINFO[m] [1m--------------------------------[ jar ]---------------------------------[m
[[1;34mINFO[m] 
[[1;34mINFO[m] [1m--- [0;32mmaven-clean-plugin:3.4.0:clean[m [1m(default-clean)[m @ [36msecurity-cas-spring-boot-starter[0;1m ---[m
[[1;34mINFO[m] 
[[1;34mINFO[m] [1m--- [0;32mmaven-enforcer-plugin:3.5.0:enforce[m [1m(default-cli)[m @ [36msecurity-cas-spring-boot-starter[0;1m ---[m
[[1;34mINFO[m] Rule 1: org.apache.maven.enforcer.rules.version.RequireJavaVersion passed
[[1;34mINFO[m] [1m------------------------------------------------------------------------[m
[[1;34mINFO[m] [1;31mBUILD FAILURE[m
[[1;34mINFO[m] [1m------------------------------------------------------------------------[m
[[1;34mINFO[m] Total time:  0.576 s
[[1;34mINFO[m] Finished at: 2026-03-16T14:12:13+08:00
[[1;34mINFO[m] [1m------------------------------------------------------------------------[m
[[1;31mERROR[m] Failed to execute goal [32morg.apache.maven.plugins:maven-enforcer-plugin:3.5.0:enforce[m [1m(default-cli)[m on project [36msecurity-cas-spring-boot-starter[m: [1;31m[m
[[1;31mERROR[m] [1;31mRule 0: org.apache.maven.enforcer.rules.version.RequireMavenVersion failed with message:[m
[[1;31mERROR[m] [1;31mYou are running an older version of Maven. This application requires at least Maven 3.9.9.[m
[[1;31mERROR[m] -> [1m[Help 1][m
[[1;31mERROR[m] 
[[1;31mERROR[m] To see the full stack trace of the errors, re-run Maven with the [1m-e[m switch.
[[1;31mERROR[m] Re-run Maven using the [1m-X[m switch to enable full debug logging.
[[1;31mERROR[m] 
[[1;31mERROR[m] For more information about the errors and possible solutions, please read the following articles:
[[1;31mERROR[m] [1m[Help 1][m http://cwiki.apache.org/confluence/display/MAVEN/MojoExecutionException
[security-cas-spring-boot-starter/3.1.x] 失败 - 查看日志
[[1;34mINFO[m] Scanning for projects...
[[1;34mINFO[m] 
[[1;34mINFO[m] [1m---------< [0;36mio.github.hiwepy:security-cas-spring-boot-starter[0;1m >---------[m
[[1;34mINFO[m] [1mBuilding io.github.hiwepy:security-cas-spring-boot-starter 4.0.x.20251227-SNAPSHOT[m
[[1;34mINFO[m] [1m--------------------------------[ jar ]---------------------------------[m
[[1;34mINFO[m] 
[[1;34mINFO[m] [1m--- [0;32mmaven-clean-plugin:3.4.0:clean[m [1m(default-clean)[m @ [36msecurity-cas-spring-boot-starter[0;1m ---[m
[[1;34mINFO[m] 
[[1;34mINFO[m] [1m--- [0;32mmaven-enforcer-plugin:3.5.0:enforce[m [1m(default-cli)[m @ [36msecurity-cas-spring-boot-starter[0;1m ---[m
[[1;34mINFO[m] Rule 1: org.apache.maven.enforcer.rules.version.RequireJavaVersion passed
[[1;34mINFO[m] [1m------------------------------------------------------------------------[m
[[1;34mINFO[m] [1;31mBUILD FAILURE[m
[[1;34mINFO[m] [1m------------------------------------------------------------------------[m
[[1;34mINFO[m] Total time:  0.379 s
[[1;34mINFO[m] Finished at: 2026-03-16T14:12:14+08:00
[[1;34mINFO[m] [1m------------------------------------------------------------------------[m
[[1;31mERROR[m] Failed to execute goal [32morg.apache.maven.plugins:maven-enforcer-plugin:3.5.0:enforce[m [1m(default-cli)[m on project [36msecurity-cas-spring-boot-starter[m: [1;31m[m
[[1;31mERROR[m] [1;31mRule 0: org.apache.maven.enforcer.rules.version.RequireMavenVersion failed with message:[m
[[1;31mERROR[m] [1;31mYou are running an older version of Maven. This application requires at least Maven 3.9.9.[m
[[1;31mERROR[m] -> [1m[Help 1][m
[[1;31mERROR[m] 
[[1;31mERROR[m] To see the full stack trace of the errors, re-run Maven with the [1m-e[m switch.
[[1;31mERROR[m] Re-run Maven using the [1m-X[m switch to enable full debug logging.
[[1;31mERROR[m] 
[[1;31mERROR[m] For more information about the errors and possible solutions, please read the following articles:
[[1;31mERROR[m] [1m[Help 1][m http://cwiki.apache.org/confluence/display/MAVEN/MojoExecutionException
[security-cas-spring-boot-starter/3.2.x] 失败 - 查看日志
[[1;34mINFO[m] Scanning for projects...
[[1;34mINFO[m] 
[[1;34mINFO[m] [1m---------< [0;36mio.github.hiwepy:security-cas-spring-boot-starter[0;1m >---------[m
[[1;34mINFO[m] [1mBuilding io.github.hiwepy:security-cas-spring-boot-starter 4.0.x.20251227-SNAPSHOT[m
[[1;34mINFO[m] [1m--------------------------------[ jar ]---------------------------------[m
[[1;34mINFO[m] 
[[1;34mINFO[m] [1m--- [0;32mmaven-clean-plugin:3.4.0:clean[m [1m(default-clean)[m @ [36msecurity-cas-spring-boot-starter[0;1m ---[m
[[1;34mINFO[m] 
[[1;34mINFO[m] [1m--- [0;32mmaven-enforcer-plugin:3.5.0:enforce[m [1m(default-cli)[m @ [36msecurity-cas-spring-boot-starter[0;1m ---[m
[[1;34mINFO[m] Rule 1: org.apache.maven.enforcer.rules.version.RequireJavaVersion passed
[[1;34mINFO[m] [1m------------------------------------------------------------------------[m
[[1;34mINFO[m] [1;31mBUILD FAILURE[m
[[1;34mINFO[m] [1m------------------------------------------------------------------------[m
[[1;34mINFO[m] Total time:  0.340 s
[[1;34mINFO[m] Finished at: 2026-03-16T14:12:15+08:00
[[1;34mINFO[m] [1m------------------------------------------------------------------------[m
[[1;31mERROR[m] Failed to execute goal [32morg.apache.maven.plugins:maven-enforcer-plugin:3.5.0:enforce[m [1m(default-cli)[m on project [36msecurity-cas-spring-boot-starter[m: [1;31m[m
[[1;31mERROR[m] [1;31mRule 0: org.apache.maven.enforcer.rules.version.RequireMavenVersion failed with message:[m
[[1;31mERROR[m] [1;31mYou are running an older version of Maven. This application requires at least Maven 3.9.9.[m
[[1;31mERROR[m] -> [1m[Help 1][m
[[1;31mERROR[m] 
[[1;31mERROR[m] To see the full stack trace of the errors, re-run Maven with the [1m-e[m switch.
[[1;31mERROR[m] Re-run Maven using the [1m-X[m switch to enable full debug logging.
[[1;31mERROR[m] 
[[1;31mERROR[m] For more information about the errors and possible solutions, please read the following articles:
[[1;31mERROR[m] [1m[Help 1][m http://cwiki.apache.org/confluence/display/MAVEN/MojoExecutionException
[security-cas-spring-boot-starter/3.3.x] 失败 - 查看日志
[security-cas-spring-boot-starter/3.4.x] 失败 - 分支切换失败
[security-cas-spring-boot-starter/3.5.x] 失败 - 分支切换失败
[[1;34mINFO[m] Scanning for projects...
[[1;34mINFO[m] 
[[1;34mINFO[m] [1m---------< [0;36mio.github.hiwepy:security-cas-spring-boot-starter[0;1m >---------[m
[[1;34mINFO[m] [1mBuilding io.github.hiwepy:security-cas-spring-boot-starter 4.0.x.20251227-SNAPSHOT[m
[[1;34mINFO[m] [1m--------------------------------[ jar ]---------------------------------[m
[[1;34mINFO[m] 
[[1;34mINFO[m] [1m--- [0;32mmaven-clean-plugin:3.4.0:clean[m [1m(default-clean)[m @ [36msecurity-cas-spring-boot-starter[0;1m ---[m
[[1;34mINFO[m] 
[[1;34mINFO[m] [1m--- [0;32mmaven-enforcer-plugin:3.5.0:enforce[m [1m(default-cli)[m @ [36msecurity-cas-spring-boot-starter[0;1m ---[m
[[1;34mINFO[m] Rule 1: org.apache.maven.enforcer.rules.version.RequireJavaVersion passed
[[1;34mINFO[m] [1m------------------------------------------------------------------------[m
[[1;34mINFO[m] [1;31mBUILD FAILURE[m
[[1;34mINFO[m] [1m------------------------------------------------------------------------[m
[[1;34mINFO[m] Total time:  0.353 s
[[1;34mINFO[m] Finished at: 2026-03-16T14:12:15+08:00
[[1;34mINFO[m] [1m------------------------------------------------------------------------[m
[[1;31mERROR[m] Failed to execute goal [32morg.apache.maven.plugins:maven-enforcer-plugin:3.5.0:enforce[m [1m(default-cli)[m on project [36msecurity-cas-spring-boot-starter[m: [1;31m[m
[[1;31mERROR[m] [1;31mRule 0: org.apache.maven.enforcer.rules.version.RequireMavenVersion failed with message:[m
[[1;31mERROR[m] [1;31mYou are running an older version of Maven. This application requires at least Maven 3.9.9.[m
[[1;31mERROR[m] -> [1m[Help 1][m
[[1;31mERROR[m] 
[[1;31mERROR[m] To see the full stack trace of the errors, re-run Maven with the [1m-e[m switch.
[[1;31mERROR[m] Re-run Maven using the [1m-X[m switch to enable full debug logging.
[[1;31mERROR[m] 
[[1;31mERROR[m] For more information about the errors and possible solutions, please read the following articles:
[[1;31mERROR[m] [1m[Help 1][m http://cwiki.apache.org/confluence/display/MAVEN/MojoExecutionException
[security-cas-spring-boot-starter/4.0.x] 失败 - 查看日志
[security-cas-spring-boot-starter/master] 失败 - 分支切换失败
